// Jest Snapshot v1, https://goo.gl/fbAQLP

exports[`Render MoviesList 1`] = `
<div
  className="catalog__movies-list"
>
  <article
    className="small-movie-card catalog__movies-card"
    onMouseOut={[Function]}
    onMouseOver={[Function]}
  >
    <a
      href="/films/1"
      onClick={[Function]}
    >
      <div
        className="small-movie-card__image"
      >
        <video
          autoPlay={true}
          height="175"
          muted={true}
          poster="http://placehold.it/280x175"
          width="280"
        />
      </div>
    </a>
    <h3
      className="small-movie-card__title"
    >
      <a
        className="small-movie-card__link"
        href="/films/1"
        onClick={[Function]}
      >
        The No Flowers
      </a>
    </h3>
  </article>
  <article
    className="small-movie-card catalog__movies-card"
    onMouseOut={[Function]}
    onMouseOver={[Function]}
  >
    <a
      href="/films/2"
      onClick={[Function]}
    >
      <div
        className="small-movie-card__image"
      >
        <img
          alt="Rings of Cloud"
          height="175"
          src="http://placehold.it/280x175"
          width="280"
        />
      </div>
    </a>
    <h3
      className="small-movie-card__title"
    >
      <a
        className="small-movie-card__link"
        href="/films/2"
        onClick={[Function]}
      >
        Rings of Cloud
      </a>
    </h3>
  </article>
  <article
    className="small-movie-card catalog__movies-card"
    onMouseOut={[Function]}
    onMouseOver={[Function]}
  >
    <a
      href="/films/3"
      onClick={[Function]}
    >
      <div
        className="small-movie-card__image"
      >
        <img
          alt="The Sword's Memory"
          height="175"
          src="http://placehold.it/280x175"
          width="280"
        />
      </div>
    </a>
    <h3
      className="small-movie-card__title"
    >
      <a
        className="small-movie-card__link"
        href="/films/3"
        onClick={[Function]}
      >
        The Sword's Memory
      </a>
    </h3>
  </article>
  <article
    className="small-movie-card catalog__movies-card"
    onMouseOut={[Function]}
    onMouseOver={[Function]}
  >
    <a
      href="/films/4"
      onClick={[Function]}
    >
      <div
        className="small-movie-card__image"
      >
        <img
          alt="The Voyagers of the Words"
          height="175"
          src="http://placehold.it/280x175"
          width="280"
        />
      </div>
    </a>
    <h3
      className="small-movie-card__title"
    >
      <a
        className="small-movie-card__link"
        href="/films/4"
        onClick={[Function]}
      >
        The Voyagers of the Words
      </a>
    </h3>
  </article>
  <article
    className="small-movie-card catalog__movies-card"
    onMouseOut={[Function]}
    onMouseOver={[Function]}
  >
    <a
      href="/films/5"
      onClick={[Function]}
    >
      <div
        className="small-movie-card__image"
      >
        <img
          alt="Shores in the Heart"
          height="175"
          src="http://placehold.it/280x175"
          width="280"
        />
      </div>
    </a>
    <h3
      className="small-movie-card__title"
    >
      <a
        className="small-movie-card__link"
        href="/films/5"
        onClick={[Function]}
      >
        Shores in the Heart
      </a>
    </h3>
  </article>
  <article
    className="small-movie-card catalog__movies-card"
    onMouseOut={[Function]}
    onMouseOver={[Function]}
  >
    <a
      href="/films/6"
      onClick={[Function]}
    >
      <div
        className="small-movie-card__image"
      >
        <img
          alt="Missing Illusion"
          height="175"
          src="http://placehold.it/280x175"
          width="280"
        />
      </div>
    </a>
    <h3
      className="small-movie-card__title"
    >
      <a
        className="small-movie-card__link"
        href="/films/6"
        onClick={[Function]}
      >
        Missing Illusion
      </a>
    </h3>
  </article>
  <article
    className="small-movie-card catalog__movies-card"
    onMouseOut={[Function]}
    onMouseOver={[Function]}
  >
    <a
      href="/films/7"
      onClick={[Function]}
    >
      <div
        className="small-movie-card__image"
      >
        <img
          alt="The Unwilling Man"
          height="175"
          src="http://placehold.it/280x175"
          width="280"
        />
      </div>
    </a>
    <h3
      className="small-movie-card__title"
    >
      <a
        className="small-movie-card__link"
        href="/films/7"
        onClick={[Function]}
      >
        The Unwilling Man
      </a>
    </h3>
  </article>
  <article
    className="small-movie-card catalog__movies-card"
    onMouseOut={[Function]}
    onMouseOver={[Function]}
  >
    <a
      href="/films/8"
      onClick={[Function]}
    >
      <div
        className="small-movie-card__image"
      >
        <img
          alt="Teacher in the Hunter"
          height="175"
          src="http://placehold.it/280x175"
          width="280"
        />
      </div>
    </a>
    <h3
      className="small-movie-card__title"
    >
      <a
        className="small-movie-card__link"
        href="/films/8"
        onClick={[Function]}
      >
        Teacher in the Hunter
      </a>
    </h3>
  </article>
</div>
`;
