// Jest Snapshot v1, https://goo.gl/fbAQLP

exports[`Render MovieCard 1`] = `
<article
  className="small-movie-card catalog__movies-card"
  onMouseOut={[Function]}
  onMouseOver={[Function]}
>
  <div
    className="small-movie-card__image"
  >
    <img
      alt="The No Flowers"
      height="175"
      src="http://placehold.it/280x175"
      width="280"
    />
  </div>
  <h3
    className="small-movie-card__title"
  >
    <a
      className="small-movie-card__link"
      href="movie-page.html"
    >
      The No Flowers
    </a>
  </h3>
</article>
`;
