// Jest Snapshot v1, https://goo.gl/fbAQLP

exports[`Render MovieCard 1`] = `
<article
  className="small-movie-card catalog__movies-card"
  onMouseOut={[Function]}
  onMouseOver={[Function]}
>
  <a
    href="/films/1"
    onClick={[Function]}
  >
    <div
      className="small-movie-card__image"
    >
      <video
        autoPlay={true}
        height="175"
        muted={true}
        poster="http://placehold.it/280x175"
        width="280"
      />
    </div>
  </a>
  <h3
    className="small-movie-card__title"
  >
    <a
      className="small-movie-card__link"
      href="/films/1"
      onClick={[Function]}
    >
      The No Flowers
    </a>
  </h3>
</article>
`;
